// Jest Snapshot v1, https://goo.gl/fbAQLP

exports[`ActiveTask renders correctly 1`] = `
<div>
  <div
    class="mantine-Paper-root mantine-Card-root mantine-MediaQuery-media mantine-6hmcmv"
    data-with-border="true"
  >
    <div
      class="mantine-Group-root mantine-1emc9ft"
    >
      <div
        class="mantine-Text-root mantine-3efcew"
      >
        This is a test
      </div>
      <div
        class="mantine-Group-root mantine-kivjf7"
      >
        <div
          class="mantine-Badge-root mantine-4y3x5h"
        >
          <span
            class="mantine-1t45alw mantine-Badge-inner"
          >
            high
          </span>
        </div>
        <button
          class="mantine-UnstyledButton-root mantine-ActionIcon-root mantine-1u9dylz"
          type="button"
        >
          <svg
            class="tabler-icon tabler-icon-circle-check"
            data-testid="toggle-complete"
            fill="none"
            height="1.125rem"
            stroke="currentColor"
            stroke-linecap="round"
            stroke-linejoin="round"
            stroke-width="2"
            viewBox="0 0 24 24"
            width="1.125rem"
            xmlns="http://www.w3.org/2000/svg"
          >
            <path
              d="M12 12m-9 0a9 9 0 1 0 18 0a9 9 0 1 0 -18 0"
            />
            <path
              d="M9 12l2 2l4 -4"
            />
          </svg>
        </button>
        <button
          class="mantine-UnstyledButton-root mantine-ActionIcon-root mantine-1r41os4"
          type="button"
        >
          <svg
            class="tabler-icon tabler-icon-edit-circle"
            data-testid="edit"
            fill="none"
            height="1.125rem"
            stroke="currentColor"
            stroke-linecap="round"
            stroke-linejoin="round"
            stroke-width="2"
            viewBox="0 0 24 24"
            width="1.125rem"
            xmlns="http://www.w3.org/2000/svg"
          >
            <path
              d="M12 15l8.385 -8.415a2.1 2.1 0 0 0 -2.97 -2.97l-8.415 8.385v3h3z"
            />
            <path
              d="M16 5l3 3"
            />
            <path
              d="M9 7.07a7 7 0 0 0 1 13.93a7 7 0 0 0 6.929 -6"
            />
          </svg>
        </button>
        <button
          class="mantine-UnstyledButton-root mantine-ActionIcon-root mantine-43sb5"
          type="button"
        >
          <svg
            class="tabler-icon tabler-icon-circle-minus"
            data-testid="archive"
            fill="none"
            height="1.125rem"
            stroke="currentColor"
            stroke-linecap="round"
            stroke-linejoin="round"
            stroke-width="2"
            viewBox="0 0 24 24"
            width="1.125rem"
            xmlns="http://www.w3.org/2000/svg"
          >
            <path
              d="M12 12m-9 0a9 9 0 1 0 18 0a9 9 0 1 0 -18 0"
            />
            <path
              d="M9 12l6 0"
            />
          </svg>
        </button>
      </div>
    </div>
    <div
      class="mantine-Group-root mantine-vxpk8m"
    >
      <div
        class="mantine-Text-root mantine-1xp5ood"
      >
        Created at 
        2:17 p.m. | Sat Dec 02 2023
      </div>
      <code
        class="mantine-Code-root mantine-fkl7uc"
        dir="ltr"
        radius="md"
      >
        Complete by: 
        Sat Dec 02 2023
      </code>
    </div>
  </div>
  <div
    class="mantine-Paper-root mantine-Card-root mantine-MediaQuery-media mantine-1qgaa8u"
    data-with-border="true"
  >
    <div
      class="mantine-Group-root mantine-1v5jpi4"
    >
      <div
        class="mantine-Badge-root mantine-dd77nk"
      >
        <span
          class="mantine-1t45alw mantine-Badge-inner"
        >
          high
        </span>
      </div>
      <button
        class="mantine-UnstyledButton-root mantine-ActionIcon-root mantine-1u9dylz"
        type="button"
      >
        <svg
          class="tabler-icon tabler-icon-circle-check"
          fill="none"
          height="1.2rem"
          stroke="currentColor"
          stroke-linecap="round"
          stroke-linejoin="round"
          stroke-width="2"
          viewBox="0 0 24 24"
          width="1.2rem"
          xmlns="http://www.w3.org/2000/svg"
        >
          <path
            d="M12 12m-9 0a9 9 0 1 0 18 0a9 9 0 1 0 -18 0"
          />
          <path
            d="M9 12l2 2l4 -4"
          />
        </svg>
      </button>
      <button
        class="mantine-UnstyledButton-root mantine-ActionIcon-root mantine-1r41os4"
        type="button"
      >
        <svg
          class="tabler-icon tabler-icon-edit-circle"
          fill="none"
          height="1.2rem"
          stroke="currentColor"
          stroke-linecap="round"
          stroke-linejoin="round"
          stroke-width="2"
          viewBox="0 0 24 24"
          width="1.2rem"
          xmlns="http://www.w3.org/2000/svg"
        >
          <path
            d="M12 15l8.385 -8.415a2.1 2.1 0 0 0 -2.97 -2.97l-8.415 8.385v3h3z"
          />
          <path
            d="M16 5l3 3"
          />
          <path
            d="M9 7.07a7 7 0 0 0 1 13.93a7 7 0 0 0 6.929 -6"
          />
        </svg>
      </button>
      <button
        class="mantine-UnstyledButton-root mantine-ActionIcon-root mantine-43sb5"
        type="button"
      >
        <svg
          class="tabler-icon tabler-icon-circle-minus"
          fill="none"
          height="1.2rem"
          stroke="currentColor"
          stroke-linecap="round"
          stroke-linejoin="round"
          stroke-width="2"
          viewBox="0 0 24 24"
          width="1.2rem"
          xmlns="http://www.w3.org/2000/svg"
        >
          <path
            d="M12 12m-9 0a9 9 0 1 0 18 0a9 9 0 1 0 -18 0"
          />
          <path
            d="M9 12l6 0"
          />
        </svg>
      </button>
    </div>
    <div
      class="mantine-Text-root mantine-xkqxxs"
    >
      This is a test
    </div>
    <div
      class="mantine-Group-root mantine-kivjf7"
    >
      <code
        class="mantine-Code-root mantine-fkl7uc"
        dir="ltr"
        radius="md"
      >
        Complete by: 
        Dec 02 2023
      </code>
    </div>
  </div>
</div>
`;
