// Jest Snapshot v1, https://goo.gl/fbAQLP

exports[`DisplayDate renders correctly with correct date 1`] = `
<div>
  <div
    class="mantine-Center-root mantine-ojrz4j"
  >
    <h1
      class="mantine-Text-root mantine-Title-root mantine-MediaQuery-media mantine-1e7kg5h"
      radius="sm"
    >
      Tue Dec 19 2023
    </h1>
    <h2
      class="mantine-Text-root mantine-Title-root mantine-MediaQuery-media mantine-105crc8"
    >
      Tue Dec 19 2023
    </h2>
  </div>
</div>
`;
